@startuml
class FirstClass{
-firstField   :   int
-secondField   :   bool
-char * firstMethod ( )
-long * secondMethod ( firstParameter   :   int)
}
class FirstStructure{
+firstField   :   int
+secondField   :   bool
+char * firstMethod ( )
+long * secondMethod ( firstParameter   :   int)
}
@enduml

