@startuml
class BaseClass{
+void BaseClass ( )
+void ~BaseClass ( )
}
class DerivedClass{
+void DerivedClass ( )
+void ~DerivedClass ( )
}

DerivedClass --|> BaseClass
@enduml

