@startuml
class FirstClass{
{static}-firstField   :   int
-fieldThatIsNonStatic   :   int
-{static}char * firstMethod ( )
}
@enduml

