@startuml
class test10_class{
void test10_class ( )
void ~test10_class ( )
}
@enduml

