@startuml
class MainClassWithDependencyToStd{
publicString   :   std::string
publicVectorOfStrings   :   std::vector<std::string>
}

MainClassWithDependencyToStd *-- std.vector
MainClassWithDependencyToStd *-- std.string
@enduml

