@startuml
namespace test8WrapperNamespace #DDDDDD
class test8{
void test8 ( )
void ~test8 ( )
classComposition   :   MainClassWithDependencyToStd
}
end namespace 

test8WrapperNamespace.test8 *-- MainClassWithDependencyToStd
@enduml

