@startuml
class SingletonClass{
{static}-me   :   SingletonClass *
}

SingletonClass o-- SingletonClass
@enduml

